gcc -g p2final.c
îº§ gdb a.out
GNU gdb (Ubuntu 8.1.1-0ubuntu1) 8.1.1
Copyright (C) 2018 Free Software Foundation, Inc.
License GPLv3+: GNU GPL version 3 or later <http://gnu.org/licenses/gpl.html>
This is free software: you are free to change and redistribute it.
There is NO WARRANTY, to the extent permitted by law.  Type "show copying"
and "show warranty" for details.
This GDB was configured as "x86_64-linux-gnu".
Type "show configuration" for configuration details.
For bug reporting instructions, please see:
<http://www.gnu.org/software/gdb/bugs/>.
Find the GDB manual and other documentation resources online at:
<http://www.gnu.org/software/gdb/documentation/>.
For help, type "help".
Type "apropos word" to search for commands related to "word"...
Reading symbols from a.out...done.
(gdb) b main
Breakpoint 1 at 0x901: file p2final.c, line 50.
(gdb) r
Starting program: /home/runner/Test3Session2-5/a.out 
warning: Error disabling address space randomization: Operation not permitted

Breakpoint 1, main () at p2final.c:50
50      f1=input_fraction();
(gdb) n
enter num,den 
 2 4
51      f2=input_fraction();
(gdb) s
input_fraction () at p2final.c:7
7   {
(gdb) 
9       printf("enter num,den \n ");
(gdb) c
Continuing.
enter num,den 
 45 3
enter num,den 
 3 4
the largest fraction among 2/4 , 45/3 and 3/4 is 45/3[Inferior 1 (process 248) exited normally]
